Microchip MPLAB XC8 Compiler V2.32

Linker command line:

-W-3 --edf=C:\Program Files\Microchip\xc8\v2.32\pic\dat\en_msgs.txt -cn \
  -h+dist/default/production\Codi.X.production.sym \
  --cmf=dist/default/production\Codi.X.production.cmf -z -Q18F4321 \
  -oC:\Users\alber\AppData\Local\Temp\xcAsgmg.4 --defsym=__MPLAB_BUILD=1 \
  -Mdist/default/production/Codi.X.production.map -E1 -ver=XC8 Compiler \
  --acfsm=1493 -ASTACK=0CFh-0FFh -pstack=STACK -ACODE=00h-01FFFh \
  -ACONST=00h-01FFFh -ASMALLCONST=0200h-02FFhx30 -AMEDIUMCONST=0200h-01FFFh \
  -ACOMRAM=01h-07Fh -AABS1=00h-01FFh -ABIGRAM=01h-01FFh \
  -ARAM=080h-0FFh,0100h-01FFh -ABANK0=080h-0FFh -ABANK1=0100h-01FFh \
  -ASFR=0F80h-0FFFh -ACONFIG=0300000h-030000Dh -AIDLOC=0200000h-0200007h \
  -AEEDATA=0F00000h-0F000FFh -peeprom_data=EEDATA \
  -preset_vec=00h,intcode=08h,intcodelo,powerup,init -pramtop=0200h \
  -psmallconst=SMALLCONST -pmediumconst=MEDIUMCONST -pconst=CONST \
  -AFARRAM=00h-00h \
  -prdata=COMRAM,nvrram=COMRAM,nvbit=COMRAM,rbss=COMRAM,rbit=COMRAM \
  -pfarbss=FARRAM,fardata=FARRAM,nvFARRAM=FARRAM \
  -pintsave_regs=BIGRAM,bigbss=BIGRAM,bigdata=BIGRAM -pbss=RAM \
  -pidata=CODE,irdata=CODE,ibigdata=CODE,ifardata=CODE -prparam=COMRAM \
  C:\Users\alber\AppData\Local\Temp\xcAsgmg.o \
  dist/default/production\Codi.X.production.o 

Object code version is 3.11

Machine type is 18F4321



                Name                               Link     Load   Length Selector   Space Scale
C:\Users\alber\AppData\Local\Temp\xcAsgmg.o
                idloc                            200000   200000        8        0       5
                config                           300000   300000        E        0       4
                init                                 32       32        4        4       0
                reset_vec                             0        0        4        0       0
dist/default/production\Codi.X.production.o
                intcode                               8        8       2A        4       0
                idloc                            200000   200000        8        0       5
                config                           300000   300000        E        0       4
                temp                                 7A       7A        1        1       1
                mediumconst                        1F1A     1F1A       E6      F8D       0
                text84                             179C     179C       42        4       0
                text82                             1A66     1A66       12      C46       0
                text81                             1B8C     1B8C        8      C46       0
                text80                             11C2     11C2       B4        4       0
                text79                             18C0     18C0       2C      C46       0
                text78                             1A88     1A88       10      C46       0
                text77                             198A     198A       26      C46       0
                text76                             19EE     19EE       1C      C46       0
                text75                             110E     110E       B4        4       0
                text74                             16B4     16B4       54        4       0
                text73                             1B84     1B84        8      C46       0
                text72                             1596     1596       66        4       0
                text71                             1530     1530       66        4       0
                text70                             19D2     19D2       1C      C46       0
                text69                             19B0     19B0       22      C46       0
                text68                             17DE     17DE       3E        4       0
                text67                             1A0A     1A0A       1A      C46       0
                text66                             1AF8     1AF8        C      C46       0
                text65                             1AEC     1AEC        C      C46       0
                text64                             181C     181C       38        4       0
                text63                             13AA     13AA       94        4       0
                text62                             1660     1660       54        4       0
                text61                             1AE0     1AE0        C      C46       0
                text60                             1AD4     1AD4        C      C46       0
                text59                              8C2      8C2      29C        4       0
                text58                             1276     1276       9E        4       0
                text57                             1A78     1A78       10      C46       0
                text56                             1BDC     1BDC        4      C46       0
                text55                             1BD8     1BD8        4      C46       0
                text54                             1BD4     1BD4        4      C46       0
                text53                             1AC8     1AC8        C      C46       0
                text52                             1BD0     1BD0        4      C46       0
                text51                             1B7C     1B7C        8      C46       0
                text50                             1B74     1B74        8      C46       0
                text49                             1BCC     1BCC        4      C46       0
                text48                             1314     1314       96        4       0
                text47                             143E     143E       7C        4       0
                text46                             1B22     1B22        A      C46       0
                text45                             1054     1054       BA        4       0
                text44                             1708     1708       50        4       0
                text43                             1ABC     1ABC        C      C46       0
                text42                             188C     188C       34      C46       0
                text41                             1BC8     1BC8        4      C46       0
                text40                             1BC4     1BC4        4      C46       0
                text39                             1AB0     1AB0        C      C46       0
                text38                             1BE0     1BE0        2      C46       0
                text37                             1AA4     1AA4        C      C46       0
                text36                             1B6C     1B6C        8      C46       0
                text35                             1BC0     1BC0        4      C46       0
                text34                             1B18     1B18        A      C46       0
                text33                             1B9A     1B9A        6      C46       0
                text32                             1BBC     1BBC        4      C46       0
                text31                             1BB8     1BB8        4      C46       0
                text30                             1B94     1B94        6      C46       0
                text29                             1BB4     1BB4        4      C46       0
                text28                             1758     1758       44        4       0
                text27                             1BB0     1BB0        4      C46       0
                text26                             1BAC     1BAC        4      C46       0
                text25                             1B0E     1B0E        A      C46       0
                text24                             1916     1916       28      C46       0
                text23                             1BA8     1BA8        4      C46       0
                text22                             1A52     1A52       14      C46       0
                text21                               36       36      88C        4       0
                text20                             1B64     1B64        8      C46       0
                text19                             1B5C     1B5C        8      C46       0
                text18                             1BA4     1BA4        4      C46       0
                text17                             1B04     1B04        A      C46       0
                text16                             1BA0     1BA0        4      C46       0
                text15                             1B54     1B54        8      C46       0
                text14                             1A98     1A98        C      C46       0
                text13                              B5E      B5E      17A        4       0
                text12                             1B4C     1B4C        8      C46       0
                text11                              CD8      CD8      176        4       0
                text10                             1B44     1B44        8      C46       0
                text9                              1B3C     1B3C        8      C46       0
                text8                              1B34     1B34        8      C46       0
                text7                              1B2C     1B2C        8      C46       0
                text6                               E4E      E4E      12E        4       0
                text5                              18EC     18EC       2A      C46       0
                text4                              1964     1964       26      C46       0
                text3                               F7C      F7C       D8        4       0
                text2                              1A3C     1A3C       16      C46       0
                text1                              1A24     1A24       18      C46       0
                text0                              15FC     15FC       64        4       0
                cstackCOMRAM                         5B       5B       1D        1       1
                bssBANK1                            100      100       F0      100       1
                dataBANK0                            80       80       37       80       1
                bssBANK0                             B7       B7       18       80       1
                dataCOMRAM                           35       35       26        1       1
                bssCOMRAM                             1        1       34        1       1
                bitbssCOMRAM                        3C0       78        9        1       1     8
                cinit                              14BA     14BA       76        4       0
                idataBANK0                         1854     1854       37        4       0
                idataCOMRAM                        193E     193E       26      C46       0

TOTAL           Name                               Link     Load   Length     Space
        CLASS   STACK          

        CLASS   CODE           
                intcode                               8        8       2A         0
                init                                 32       32        4         0
                reset_vec                             0        0        4         0
                text84                             179C     179C       42         0
                text82                             1A66     1A66       12         0
                text81                             1B8C     1B8C        8         0
                text80                             11C2     11C2       B4         0
                text79                             18C0     18C0       2C         0
                text78                             1A88     1A88       10         0
                text77                             198A     198A       26         0
                text76                             19EE     19EE       1C         0
                text75                             110E     110E       B4         0
                text74                             16B4     16B4       54         0
                text73                             1B84     1B84        8         0
                text72                             1596     1596       66         0
                text71                             1530     1530       66         0
                text70                             19D2     19D2       1C         0
                text69                             19B0     19B0       22         0
                text68                             17DE     17DE       3E         0
                text67                             1A0A     1A0A       1A         0
                text66                             1AF8     1AF8        C         0
                text65                             1AEC     1AEC        C         0
                text64                             181C     181C       38         0
                text63                             13AA     13AA       94         0
                text62                             1660     1660       54         0
                text61                             1AE0     1AE0        C         0
                text60                             1AD4     1AD4        C         0
                text59                              8C2      8C2      29C         0
                text58                             1276     1276       9E         0
                text57                             1A78     1A78       10         0
                text56                             1BDC     1BDC        4         0
                text55                             1BD8     1BD8        4         0
                text54                             1BD4     1BD4        4         0
                text53                             1AC8     1AC8        C         0
                text52                             1BD0     1BD0        4         0
                text51                             1B7C     1B7C        8         0
                text50                             1B74     1B74        8         0
                text49                             1BCC     1BCC        4         0
                text48                             1314     1314       96         0
                text47                             143E     143E       7C         0
                text46                             1B22     1B22        A         0
                text45                             1054     1054       BA         0
                text44                             1708     1708       50         0
                text43                             1ABC     1ABC        C         0
                text42                             188C     188C       34         0
                text41                             1BC8     1BC8        4         0
                text40                             1BC4     1BC4        4         0
                text39                             1AB0     1AB0        C         0
                text38                             1BE0     1BE0        2         0
                text37                             1AA4     1AA4        C         0
                text36                             1B6C     1B6C        8         0
                text35                             1BC0     1BC0        4         0
                text34                             1B18     1B18        A         0
                text33                             1B9A     1B9A        6         0
                text32                             1BBC     1BBC        4         0
                text31                             1BB8     1BB8        4         0
                text30                             1B94     1B94        6         0
                text29                             1BB4     1BB4        4         0
                text28                             1758     1758       44         0
                text27                             1BB0     1BB0        4         0
                text26                             1BAC     1BAC        4         0
                text25                             1B0E     1B0E        A         0
                text24                             1916     1916       28         0
                text23                             1BA8     1BA8        4         0
                text22                             1A52     1A52       14         0
                text21                               36       36      88C         0
                text20                             1B64     1B64        8         0
                text19                             1B5C     1B5C        8         0
                text18                             1BA4     1BA4        4         0
                text17                             1B04     1B04        A         0
                text16                             1BA0     1BA0        4         0
                text15                             1B54     1B54        8         0
                text14                             1A98     1A98        C         0
                text13                              B5E      B5E      17A         0
                text12                             1B4C     1B4C        8         0
                text11                              CD8      CD8      176         0
                text10                             1B44     1B44        8         0
                text9                              1B3C     1B3C        8         0
                text8                              1B34     1B34        8         0
                text7                              1B2C     1B2C        8         0
                text6                               E4E      E4E      12E         0
                text5                              18EC     18EC       2A         0
                text4                              1964     1964       26         0
                text3                               F7C      F7C       D8         0
                text2                              1A3C     1A3C       16         0
                text1                              1A24     1A24       18         0
                text0                              15FC     15FC       64         0
                cinit                              14BA     14BA       76         0
                idataBANK0                         1854     1854       37         0
                idataCOMRAM                        193E     193E       26         0

        CLASS   CONST          

        CLASS   SMALLCONST     

        CLASS   MEDIUMCONST    
                mediumconst                        1F1A     1F1A       E6         0

        CLASS   COMRAM         
                temp                                 7A       7A        1         1
                cstackCOMRAM                         5B       5B       1D         1
                dataCOMRAM                           35       35       26         1
                bssCOMRAM                             1        1       34         1
                bitbssCOMRAM                        3C0       78        9         1

        CLASS   ABS1           

        CLASS   BIGRAM         

        CLASS   RAM            

        CLASS   BANK0          
                dataBANK0                            80       80       37         1
                bssBANK0                             B7       B7       18         1

        CLASS   BANK1          
                bssBANK1                            100      100       F0         1

        CLASS   SFR            

        CLASS   CONFIG         
                config                           300000   300000        E         4

        CLASS   IDLOC          
                idloc                            200000   200000        8         5

        CLASS   EEDATA         

        CLASS   FARRAM         



SEGMENTS        Name                           Load    Length   Top    Selector   Space  Class

                reset_vec                      000000  000004  000004         0       0  CODE    
                bssCOMRAM                      000001  00007A  00007B         1       1  COMRAM  
                intcode                        000008  001883  00188B         4       0  CODE    
                dataBANK0                      000080  00004F  0000CF        80       1  BANK0   
                bssBANK1                       000100  0000F0  0001F0       100       1  BANK1   
                text42                         00188C  000356  001BE2       C46       0  CODE    
                mediumconst                    001F1A  0000E6  002000       F8D       0  MEDIUMCO


UNUSED ADDRESS RANGES

        Name                Unused          Largest block    Delta
        BANK0            0000CF-0000FF               31
        BANK1            0001F0-0001FF               10
        BIGRAM           00007B-00007F                5
                         0000CF-0000FF               31
                         0001F0-0001FF               10
        CODE             000004-000007                4
                         00188B-00188B                1
                         001BE2-001F19              338
        COMRAM           00007B-00007F                5
        CONST            000004-000007                4
                         00188B-00188B                1
                         001BE2-001F19              338
        EEDATA           F00000-F000FF              100
        MEDIUMCONST      00188B-00188B                1
                         001BE2-001F19              338
        RAM              0000CF-0000FF               31
                         0001F0-0001FF               10
        SFR              000F80-000FFF               80
        SMALLCONST       00188B-00188B                1
                         001BE2-001F19              100
        STACK            0000CF-0000FF               31

                                  Symbol Table

?_TiGetTics                     cstackCOMRAM 000060
?_UgetUserName                  cstackCOMRAM 000060
?___wmul                        cstackCOMRAM 000060
AdMotor@state                   bssCOMRAM    00000E
AlTAltaveu@state                bssCOMRAM    000026
CToAConverteix@numero           cstackCOMRAM 000060
CantaData@Data                  cstackCOMRAM 000062
CantaIR@IR                      cstackCOMRAM 000062
CantaPartAlta@c                 cstackCOMRAM 000061
CantaPartBaixa@c                cstackCOMRAM 000061
CtoA@state                      bssCOMRAM    000007
EscriuPrimeraOrdre@ordre        cstackCOMRAM 000061
Espera@Timer                    cstackCOMRAM 00006A
Espera@ms                       cstackCOMRAM 000067
GLCDMostraMenu@num              cstackCOMRAM 000060
GLCDMotor@j                     bssCOMRAM    00001B
GLCDMotor@k1                    bssCOMRAM    000018
GLCDMotor@k2                    bssCOMRAM    000017
GLCDMotor@length1               bssCOMRAM    000016
GLCDMotor@length2               bssCOMRAM    000015
GLCDMotor@max1                  dataCOMRAM   000048
GLCDMotor@max2                  dataCOMRAM   000047
GLCDMotor@min1                  bssCOMRAM    00001A
GLCDMotor@min2                  bssCOMRAM    000019
GLCDMotor@state                 bssCOMRAM    00001C
HActualitzarHora@nova           cstackCOMRAM 000060
HHoraMotor@state                bssCOMRAM    000012
JJuguem@usuari                  cstackCOMRAM 000060
JMotor@state                    bssCOMRAM    00000A
JnovaTecla@direccio             cstackCOMRAM 000060
LcGotoXY@Column                 cstackCOMRAM 00006F
LcGotoXY@Fisics                 cstackCOMRAM 00006D
LcGotoXY@Row                    cstackCOMRAM 000068
LcInit@columns                  cstackCOMRAM 00006B
LcInit@i                        cstackCOMRAM 00006D
LcInit@rows                     cstackCOMRAM 00006C
LcNewString@new_s               cstackCOMRAM 000063
LcPutChar@c                     cstackCOMRAM 000070
MNovaLletra@lletra              cstackCOMRAM 000060
MTMenu@state                    bssCOMRAM    000022
MsetNovaTecla@tecla             cstackCOMRAM 000060
PL10                            text21       000860
PL12                            text28       00177A
PL14                            text6        000F6A
PL16                            text79       0018DE
PL18                            text75       0011AA
PL2                             text59       000B14
PL20                            text21       000884
PL22                            text3        00101A
PL24                            text76       0019FE
PL26                            text3        00102C
PL28                            text21       00089A
PL30                            text64       00183C
PL32                            text21       0008AA
PL34                            text44       00173E
PL36                            text59       000B46
PL38                            text3        00103C
PL4                             text59       000B2A
PL40                            text47       0014A2
PL42                            text45       001104
PL44                            text13       000CBC
PL46                            text44       00174C
PL48                            text11       000E38
PL50                            text13       000CC8
PL52                            text3        00104A
PL54                            text47       0014B0
PL56                            text11       000E44
PL58                            text72       0015F2
PL6                             text59       000B3E
PL60                            text67       001A1A
PL62                            text64       00184A
PL64                            text59       000B54
PL66                            text71       00158C
PL68                            text21       0008B0
PL70                            text21       0008B6
PL72                            text21       0008BC
PL74                            text13       000CD2
PL8                             text21       000856
SIOMotor@state                  bssCOMRAM    000008
SIONovaDireccio@num             cstackCOMRAM 000060
SIOStartGame@usuari             cstackCOMRAM 000060
SMotor@state                    bssCOMRAM    000010
SsetNovaTecla@tecla             cstackCOMRAM 000060
TeTeclat@cols                   bssCOMRAM    00001F
TeTeclat@files                  bssCOMRAM    00001E
TeTeclat@state                  bssCOMRAM    000020
TiGetTics@Handle                cstackCOMRAM 000064
TiGetTics@actual                cstackCOMRAM 000065
TiResetTics@Handle              cstackCOMRAM 000060
UAfegirLletraUsername@lletra    cstackCOMRAM 000062
UMotorUsuaris@state             bssCOMRAM    00000C
UchangeScore@score              cstackCOMRAM 000060
UdelUser@index                  cstackCOMRAM 000060
UeditUsername@menuDalt          cstackCOMRAM 000064
UeditUsername@novaLletra        cstackCOMRAM 000061
UeditUsername@pos               cstackCOMRAM 000060
UgetScore@quin                  cstackCOMRAM 000060
UgetUserName@quin               cstackCOMRAM 000062
WaitForBusy@Busy                cstackCOMRAM 000067
_ADCON0                         (abs)        000FC2
_ADCON0bits                     (abs)        000FC2
_ADCON1                         (abs)        000FC1
_ADCON2                         (abs)        000FC0
_ADRESH                         (abs)        000FC4
_AdInit                         text82       001A66
_AdMotor                        text80       0011C2
_AlInit                         text78       001A88
_AlPlay                         text56       001BDC
_AlStop                         text55       001BD8
_AlTAltaveu                     text75       00110E
_BAUDCON                        (abs)        000FB8
_CToAConverteix                 text19       001B5C
_CToAHaAcabat                   text18       001BA4
_CToAReset                      text17       001B04
_CToAobtenir                    text16       001BA0
_CantaData                      text64       00181C
_CantaIR                        text70       0019D2
_CantaPartAlta                  text72       001596
_CantaPartBaixa                 text71       001530
_ColumnAct                      bssCOMRAM    00002C
_Columns                        bssCOMRAM    00002E
_CtoA                           text74       0016B4
_EscriuPrimeraOrdre             text47       00143E
_Espera                         text69       0019B0
_GLCDInit                       text73       001B84
_GLCDMostraMenu                 text43       001ABC
_GLCDMotor                      text59       0008C2
_HActualitzarHora               text42       00188C
_HClearNouMinut                 text41       001BC8
_HClearNouSegon                 text54       001BD4
_HGetTime                       text40       001BC4
_HHoraMotor                     text58       001276
_HInit                          text57       001A78
_HJuguem                        text39       001AB0
_HNoJuguem                      text38       001BE0
_HNouMinut                      text37       001AA4
_HNouSegon                      text53       001AC8
_HTempsJocs                     text52       001BD0
_INTCONbits                     (abs)        000FF2
_JJuguem                        text36       001B6C
_JMotor                         text48       001314
_JUsuari                        text35       001BC0
_JnovaTecla                     text81       001B8C
_LATBbits                       (abs)        000F8A
_LATCbits                       (abs)        000F8B
_LATD                           (abs)        000F8C
_LATDbits                       (abs)        000F8C
_LcClear                        text67       001A0A
_LcCursorOff                    text46       001B22
_LcCursorOn                     text34       001B18
_LcGotoXY                       text63       0013AA
_LcGotoXY$499                   cstackCOMRAM 00006B
_LcInit                         text45       001054
_LcInsertFletxa                 text61       001AE0
_LcLCD                          text44       001708
_LcLliure                       text66       001AF8
_LcNewString                    text65       001AEC
_LcPutChar                      text62       001660
_LcPutFletxa                    text60       001AD4
_LcScroll                       text33       001B9A
_MNovaLletra                    text12       001B4C
_MTMenu                         text21       000036
_Minit                          text20       001B64
_MsetNovaTecla                  text8        001B34
_NoFerMenu                      text32       001BBC
_NovaTecla                      dataCOMRAM   00004A
_PIR1bits                       (abs)        000F9E
_PORTCbits                      (abs)        000F82
_PORTDbits                      (abs)        000F83
_RCONbits                       (abs)        000FD0
_RCREG                          (abs)        000FAE
_RCSTA                          (abs)        000FAB
_RowAct                         bssCOMRAM    00002D
_Rows                           bssCOMRAM    00002F
_SIOMotor                       text13       000B5E
_SIONovaDireccio                text51       001B7C
_SIOStartGame                   text50       001B74
_SIOUsuariActual                text49       001BCC
_SMSoff                         text31       001BB8
_SMSon                          text30       001B94
_SMotor                         text11       000CD8
_SPBRG                          (abs)        000FAF
_SPBRGH                         (abs)        000FB0
_Score                          mediumconst  001FAB
_SiFerMenu                      text29       001BB4
_Sinit                          text10       001B44
_SsetNovaTecla                  text7        001B2C
_T0CON                          (abs)        000FD5
_T0CONbits                      (abs)        000FD5
_TMR0H                          (abs)        000FD7
_TMR0L                          (abs)        000FD6
_TRISA                          (abs)        000F92
_TRISB                          (abs)        000F93
_TRISC                          (abs)        000F94
_TRISCbits                      (abs)        000F94
_TRISD                          (abs)        000F95
_TRISDbits                      (abs)        000F95
_TXREG                          (abs)        000FAD
_TXSTA                          (abs)        000FAC
_TXSTAbits                      (abs)        000FAC
_TeInit                         text9        001B3C
_TeTeclat                       text6        000E4E
_TiGetTics                      text77       00198A
_TiGetTimer                     text79       0018C0
_TiInitTimer                    text5        0018EC
_TiResetTics                    text76       0019EE
_Timer                          bssCOMRAM    00002B
_UAfegirLletraUsername          text28       001758
_UCancelaNouUser                text27       001BB0
_UMotorUsuaris                  text3        000F7C
_UchangeScore                   text15       001B54
_UcreateUser                    text26       001BAC
_UdelUser                       text25       001B0E
_UeditUsername                  text24       001916
_UgetNumUsuaris                 text23       001BA8
_UgetScore                      text14       001A98
_UgetUserName                   text22       001A52
_WaitForBusy                    text68       0017DE
__HRAM                          (abs)        000000
__Habs1                         abs1         000000
__Hbank0                        bank0        000000
__Hbank1                        bank1        000000
__Hbigbss                       bigbss       000000
__Hbigdata                      bigdata      000000
__Hbigram                       bigram       000000
__HbitbssCOMRAM                 bitbssCOMRAM 000000
__Hbss                          bss          000000
__HbssBANK0                     bssBANK0     000000
__HbssBANK1                     bssBANK1     000000
__HbssCOMRAM                    bssCOMRAM    000000
__Hcinit                        cinit        000000
__Hclrtext                      clrtext      000000
__Hcomram                       comram       000000
__Hconfig                       config       30000E
__Hconst                        const        000000
__HcstackCOMRAM                 cstackCOMRAM 000000
__Hdata                         data         000000
__HdataBANK0                    dataBANK0    000000
__HdataCOMRAM                   dataCOMRAM   000000
__Heeprom_data                  eeprom_data  000000
__Hfarbss                       farbss       000000
__Hfardata                      fardata      000000
__Hibigdata                     ibigdata     000000
__Hidata                        idata        000000
__HidataBANK0                   idataBANK0   000000
__HidataCOMRAM                  idataCOMRAM  000000
__Hidloc                        idloc        200008
__Hifardata                     ifardata     000000
__Hinit                         init         000036
__Hintcode                      intcode      000032
__Hintcode_body                 intcode_body 000000
__Hintcodelo                    intcodelo    000032
__Hintentry                     intentry     000000
__Hintret                       intret       000000
__Hintsave_regs                 intsave_regs 000000
__Hirdata                       irdata       000000
__Hmediumconst                  mediumconst  002000
__HnvFARRAM                     nvFARRAM     000000
__Hnvbit                        nvbit        000000
__Hnvrram                       nvrram       000000
__Hpa_nodes0                    pa_nodes0    000000
__Hparam                        rparam       000000
__Hpowerup                      powerup      000032
__Hram                          ram          000000
__Hramtop                       ramtop       000200
__Hrbit                         rbit         000000
__Hrbss                         rbss         000000
__Hrdata                        rdata        000000
__Hreset_vec                    reset_vec    000004
__Hrparam                       rparam       000000
__Hsfr                          sfr          000000
__Hsmallconst                   smallconst   000000
__Hspace_0                      (abs)        002000
__Hspace_1                      (abs)        0003C9
__Hspace_2                      (abs)        000000
__Hspace_4                      (abs)        60000E
__Hstack                        stack        000000
__Hstruct                       struct       000000
__Htemp                         temp         00007B
__Htext                         text         000000
__Htext0                        text0        000000
__Htext1                        text1        000000
__Htext10                       text10       000000
__Htext11                       text11       000000
__Htext12                       text12       000000
__Htext13                       text13       000000
__Htext14                       text14       000000
__Htext15                       text15       000000
__Htext16                       text16       000000
__Htext17                       text17       000000
__Htext18                       text18       000000
__Htext19                       text19       000000
__Htext2                        text2        000000
__Htext20                       text20       000000
__Htext21                       text21       000000
__Htext22                       text22       000000
__Htext23                       text23       000000
__Htext24                       text24       000000
__Htext25                       text25       000000
__Htext26                       text26       000000
__Htext27                       text27       000000
__Htext28                       text28       000000
__Htext29                       text29       000000
__Htext3                        text3        000000
__Htext30                       text30       000000
__Htext31                       text31       000000
__Htext32                       text32       000000
__Htext33                       text33       000000
__Htext34                       text34       000000
__Htext35                       text35       000000
__Htext36                       text36       000000
__Htext37                       text37       000000
__Htext38                       text38       000000
__Htext39                       text39       000000
__Htext4                        text4        000000
__Htext40                       text40       000000
__Htext41                       text41       000000
__Htext42                       text42       000000
__Htext43                       text43       000000
__Htext44                       text44       000000
__Htext45                       text45       000000
__Htext46                       text46       000000
__Htext47                       text47       000000
__Htext48                       text48       000000
__Htext49                       text49       000000
__Htext5                        text5        000000
__Htext50                       text50       000000
__Htext51                       text51       000000
__Htext52                       text52       000000
__Htext53                       text53       000000
__Htext54                       text54       000000
__Htext55                       text55       000000
__Htext56                       text56       000000
__Htext57                       text57       000000
__Htext58                       text58       000000
__Htext59                       text59       000000
__Htext6                        text6        000000
__Htext60                       text60       000000
__Htext61                       text61       000000
__Htext62                       text62       000000
__Htext63                       text63       000000
__Htext64                       text64       000000
__Htext65                       text65       000000
__Htext66                       text66       000000
__Htext67                       text67       000000
__Htext68                       text68       000000
__Htext69                       text69       000000
__Htext7                        text7        000000
__Htext70                       text70       000000
__Htext71                       text71       000000
__Htext72                       text72       000000
__Htext73                       text73       000000
__Htext74                       text74       000000
__Htext75                       text75       000000
__Htext76                       text76       000000
__Htext77                       text77       000000
__Htext78                       text78       000000
__Htext79                       text79       000000
__Htext8                        text8        000000
__Htext80                       text80       000000
__Htext81                       text81       000000
__Htext82                       text82       000000
__Htext84                       text84       000000
__Htext9                        text9        000000
__LRAM                          (abs)        000001
__Labs1                         abs1         000000
__Lbank0                        bank0        000000
__Lbank1                        bank1        000000
__Lbigbss                       bigbss       000000
__Lbigdata                      bigdata      000000
__Lbigram                       bigram       000000
__LbitbssCOMRAM                 bitbssCOMRAM 000000
__Lbss                          bss          000000
__LbssBANK0                     bssBANK0     000000
__LbssBANK1                     bssBANK1     000000
__LbssCOMRAM                    bssCOMRAM    000000
__Lcinit                        cinit        000000
__Lclrtext                      clrtext      000000
__Lcomram                       comram       000000
__Lconfig                       config       000000
__Lconst                        const        000000
__LcstackCOMRAM                 cstackCOMRAM 000000
__Ldata                         data         000000
__LdataBANK0                    dataBANK0    000000
__LdataCOMRAM                   dataCOMRAM   000000
__Leeprom_data                  eeprom_data  000000
__Lfarbss                       farbss       000000
__Lfardata                      fardata      000000
__Libigdata                     ibigdata     000000
__Lidata                        idata        000000
__LidataBANK0                   idataBANK0   000000
__LidataCOMRAM                  idataCOMRAM  000000
__Lidloc                        idloc        000000
__Lifardata                     ifardata     000000
__Linit                         init         000032
__Lintcode                      intcode      000008
__Lintcode_body                 intcode_body 000000
__Lintcodelo                    intcodelo    000032
__Lintentry                     intentry     000000
__Lintret                       intret       000000
__Lintsave_regs                 intsave_regs 000000
__Lirdata                       irdata       000000
__Lmediumconst                  mediumconst  001F1A
__LnvFARRAM                     nvFARRAM     000000
__Lnvbit                        nvbit        000000
__Lnvrram                       nvrram       000000
__Lpa_nodes0                    pa_nodes0    000000
__Lparam                        rparam       000000
__Lpowerup                      powerup      000032
__Lram                          ram          000000
__Lramtop                       ramtop       000200
__Lrbit                         rbit         000000
__Lrbss                         rbss         000000
__Lrdata                        rdata        000000
__Lreset_vec                    reset_vec    000000
__Lrparam                       rparam       000000
__Lsfr                          sfr          000000
__Lsmallconst                   smallconst   000000
__Lspace_0                      (abs)        000000
__Lspace_1                      (abs)        000000
__Lspace_2                      (abs)        000000
__Lspace_4                      (abs)        000000
__Lstack                        stack        000000
__Lstruct                       struct       000000
__Ltemp                         temp         00007A
__Ltext                         text         000000
__Ltext0                        text0        000000
__Ltext1                        text1        000000
__Ltext10                       text10       000000
__Ltext11                       text11       000000
__Ltext12                       text12       000000
__Ltext13                       text13       000000
__Ltext14                       text14       000000
__Ltext15                       text15       000000
__Ltext16                       text16       000000
__Ltext17                       text17       000000
__Ltext18                       text18       000000
__Ltext19                       text19       000000
__Ltext2                        text2        000000
__Ltext20                       text20       000000
__Ltext21                       text21       000000
__Ltext22                       text22       000000
__Ltext23                       text23       000000
__Ltext24                       text24       000000
__Ltext25                       text25       000000
__Ltext26                       text26       000000
__Ltext27                       text27       000000
__Ltext28                       text28       000000
__Ltext29                       text29       000000
__Ltext3                        text3        000000
__Ltext30                       text30       000000
__Ltext31                       text31       000000
__Ltext32                       text32       000000
__Ltext33                       text33       000000
__Ltext34                       text34       000000
__Ltext35                       text35       000000
__Ltext36                       text36       000000
__Ltext37                       text37       000000
__Ltext38                       text38       000000
__Ltext39                       text39       000000
__Ltext4                        text4        000000
__Ltext40                       text40       000000
__Ltext41                       text41       000000
__Ltext42                       text42       000000
__Ltext43                       text43       000000
__Ltext44                       text44       000000
__Ltext45                       text45       000000
__Ltext46                       text46       000000
__Ltext47                       text47       000000
__Ltext48                       text48       000000
__Ltext49                       text49       000000
__Ltext5                        text5        000000
__Ltext50                       text50       000000
__Ltext51                       text51       000000
__Ltext52                       text52       000000
__Ltext53                       text53       000000
__Ltext54                       text54       000000
__Ltext55                       text55       000000
__Ltext56                       text56       000000
__Ltext57                       text57       000000
__Ltext58                       text58       000000
__Ltext59                       text59       000000
__Ltext6                        text6        000000
__Ltext60                       text60       000000
__Ltext61                       text61       000000
__Ltext62                       text62       000000
__Ltext63                       text63       000000
__Ltext64                       text64       000000
__Ltext65                       text65       000000
__Ltext66                       text66       000000
__Ltext67                       text67       000000
__Ltext68                       text68       000000
__Ltext69                       text69       000000
__Ltext7                        text7        000000
__Ltext70                       text70       000000
__Ltext71                       text71       000000
__Ltext72                       text72       000000
__Ltext73                       text73       000000
__Ltext74                       text74       000000
__Ltext75                       text75       000000
__Ltext76                       text76       000000
__Ltext77                       text77       000000
__Ltext78                       text78       000000
__Ltext79                       text79       000000
__Ltext8                        text8        000000
__Ltext80                       text80       000000
__Ltext81                       text81       000000
__Ltext82                       text82       000000
__Ltext84                       text84       000000
__Ltext9                        text9        000000
__S0                            (abs)        002000
__S1                            (abs)        0001F0
__S2                            (abs)        000000
__S4                            (abs)        000000
__S5                            (abs)        000000
__TiRSITimer                    text84       00179C
___inthi_sp                     stack        000000
___intlo_sp                     stack        000000
___param_bank                   (abs)        000000
___rparam_used                  (abs)        000001
___sp                           stack        000000
___wmul                         text4        001964
___wmul@multiplicand            cstackCOMRAM 000062
___wmul@multiplier              cstackCOMRAM 000060
___wmul@product                 cstackCOMRAM 000064
__accesstop                     (abs)        000080
__activetblptr                  (abs)        000002
__end_ofPL10                    text21       000884
__end_ofPL12                    text28       00179C
__end_ofPL14                    text6        000F7C
__end_ofPL16                    text79       0018EC
__end_ofPL18                    text75       0011C2
__end_ofPL2                     text59       000B2A
__end_ofPL20                    text21       00089A
__end_ofPL22                    text3        00102C
__end_ofPL24                    text76       001A0A
__end_ofPL26                    text3        00103C
__end_ofPL28                    text21       0008AA
__end_ofPL30                    text64       00184A
__end_ofPL32                    text21       0008B0
__end_ofPL34                    text44       00174C
__end_ofPL36                    text59       000B54
__end_ofPL38                    text3        00104A
__end_ofPL4                     text59       000B3E
__end_ofPL40                    text47       0014B0
__end_ofPL42                    text45       00110E
__end_ofPL44                    text13       000CC8
__end_ofPL46                    text44       001758
__end_ofPL48                    text11       000E44
__end_ofPL50                    text13       000CD2
__end_ofPL52                    text3        001054
__end_ofPL54                    text47       0014BA
__end_ofPL56                    text11       000E4E
__end_ofPL58                    text72       0015FC
__end_ofPL6                     text59       000B46
__end_ofPL60                    text67       001A24
__end_ofPL62                    text64       001854
__end_ofPL64                    text59       000B5E
__end_ofPL66                    text71       001596
__end_ofPL68                    text21       0008B6
__end_ofPL70                    text21       0008BC
__end_ofPL72                    text21       0008C2
__end_ofPL74                    text13       000CD8
__end_ofPL8                     text21       000860
__end_of_AdInit                 text82       001A78
__end_of_AdMotor                text80       001276
__end_of_AlInit                 text78       001A98
__end_of_AlPlay                 text56       001BE0
__end_of_AlStop                 text55       001BDC
__end_of_AlTAltaveu             text75       0011AA
__end_of_CToAConverteix         text19       001B64
__end_of_CToAHaAcabat           text18       001BA8
__end_of_CToAReset              text17       001B0E
__end_of_CToAobtenir            text16       001BA4
__end_of_CantaData              text64       00183C
__end_of_CantaIR                text70       0019EE
__end_of_CantaPartAlta          text72       0015F2
__end_of_CantaPartBaixa         text71       00158C
__end_of_CtoA                   text74       001708
__end_of_EscriuPrimeraOrdre     text47       0014A2
__end_of_Espera                 text69       0019D2
__end_of_GLCDInit               text73       001B8C
__end_of_GLCDMostraMenu         text43       001AC8
__end_of_GLCDMotor              text59       000B14
__end_of_HActualitzarHora       text42       0018C0
__end_of_HClearNouMinut         text41       001BCC
__end_of_HClearNouSegon         text54       001BD8
__end_of_HGetTime               text40       001BC8
__end_of_HHoraMotor             text58       001314
__end_of_HInit                  text57       001A88
__end_of_HJuguem                text39       001ABC
__end_of_HNoJuguem              text38       001BE2
__end_of_HNouMinut              text37       001AB0
__end_of_HNouSegon              text53       001AD4
__end_of_HTempsJocs             text52       001BD4
__end_of_JJuguem                text36       001B74
__end_of_JMotor                 text48       0013AA
__end_of_JUsuari                text35       001BC4
__end_of_JnovaTecla             text81       001B94
__end_of_LcClear                text67       001A1A
__end_of_LcCursorOff            text46       001B2C
__end_of_LcCursorOn             text34       001B22
__end_of_LcGotoXY               text63       00143E
__end_of_LcInit                 text45       001104
__end_of_LcInsertFletxa         text61       001AEC
__end_of_LcLCD                  text44       00173E
__end_of_LcLliure               text66       001B04
__end_of_LcNewString            text65       001AF8
__end_of_LcPutChar              text62       0016B4
__end_of_LcPutFletxa            text60       001AE0
__end_of_LcScroll               text33       001BA0
__end_of_MNovaLletra            text12       001B54
__end_of_MTMenu                 text21       000856
__end_of_Minit                  text20       001B6C
__end_of_MsetNovaTecla          text8        001B3C
__end_of_NoFerMenu              text32       001BC0
__end_of_SIOMotor               text13       000CBC
__end_of_SIONovaDireccio        text51       001B84
__end_of_SIOStartGame           text50       001B7C
__end_of_SIOUsuariActual        text49       001BD0
__end_of_SMSoff                 text31       001BBC
__end_of_SMSon                  text30       001B9A
__end_of_SMotor                 text11       000E38
__end_of_Score                  mediumconst  001FB2
__end_of_SiFerMenu              text29       001BB8
__end_of_Sinit                  text10       001B4C
__end_of_SsetNovaTecla          text7        001B34
__end_of_TeInit                 text9        001B44
__end_of_TeTeclat               text6        000F6A
__end_of_TiGetTics              text77       0019B0
__end_of_TiGetTimer             text79       0018DE
__end_of_TiInitTimer            text5        001916
__end_of_TiResetTics            text76       0019FE
__end_of_UAfegirLletraUsername  text28       00177A
__end_of_UCancelaNouUser        text27       001BB4
__end_of_UMotorUsuaris          text3        00101A
__end_of_UchangeScore           text15       001B5C
__end_of_UcreateUser            text26       001BB0
__end_of_UdelUser               text25       001B18
__end_of_UeditUsername          text24       00193E
__end_of_UgetNumUsuaris         text23       001BAC
__end_of_UgetScore              text14       001AA4
__end_of_UgetUserName           text22       001A66
__end_of_WaitForBusy            text68       00181C
__end_of__TiRSITimer            text84       0017DE
__end_of___wmul                 text4        00198A
__end_of__initialization        cinit        001522
__end_of_deleteUser             mediumconst  001FAB
__end_of_high_rsi               intcode      000032
__end_of_init_eusart            text2        001A52
__end_of_init_ports             text1        001A3C
__end_of_main                   text0        001660
__end_of_menu                   mediumconst  001F9F
__initialization                cinit        0014BA
__mediumconst                   mediumconst  001F1A
__pbitbssCOMRAM                 bitbssCOMRAM 0003C0
__pbssBANK0                     bssBANK0     0000B7
__pbssBANK1                     bssBANK1     000100
__pbssCOMRAM                    bssCOMRAM    000001
__pcinit                        cinit        0014BA
__pcstackCOMRAM                 cstackCOMRAM 00005B
__pdataBANK0                    dataBANK0    000080
__pdataCOMRAM                   dataCOMRAM   000035
__pidataBANK0                   idataBANK0   001854
__pidataCOMRAM                  idataCOMRAM  00193E
__pintcode                      intcode      000008
__pmediumconst                  mediumconst  001F1A
__ptext0                        text0        0015FC
__ptext1                        text1        001A24
__ptext10                       text10       001B44
__ptext11                       text11       000CD8
__ptext12                       text12       001B4C
__ptext13                       text13       000B5E
__ptext14                       text14       001A98
__ptext15                       text15       001B54
__ptext16                       text16       001BA0
__ptext17                       text17       001B04
__ptext18                       text18       001BA4
__ptext19                       text19       001B5C
__ptext2                        text2        001A3C
__ptext20                       text20       001B64
__ptext21                       text21       000036
__ptext22                       text22       001A52
__ptext23                       text23       001BA8
__ptext24                       text24       001916
__ptext25                       text25       001B0E
__ptext26                       text26       001BAC
__ptext27                       text27       001BB0
__ptext28                       text28       001758
__ptext29                       text29       001BB4
__ptext3                        text3        000F7C
__ptext30                       text30       001B94
__ptext31                       text31       001BB8
__ptext32                       text32       001BBC
__ptext33                       text33       001B9A
__ptext34                       text34       001B18
__ptext35                       text35       001BC0
__ptext36                       text36       001B6C
__ptext37                       text37       001AA4
__ptext38                       text38       001BE0
__ptext39                       text39       001AB0
__ptext4                        text4        001964
__ptext40                       text40       001BC4
__ptext41                       text41       001BC8
__ptext42                       text42       00188C
__ptext43                       text43       001ABC
__ptext44                       text44       001708
__ptext45                       text45       001054
__ptext46                       text46       001B22
__ptext47                       text47       00143E
__ptext48                       text48       001314
__ptext49                       text49       001BCC
__ptext5                        text5        0018EC
__ptext50                       text50       001B74
__ptext51                       text51       001B7C
__ptext52                       text52       001BD0
__ptext53                       text53       001AC8
__ptext54                       text54       001BD4
__ptext55                       text55       001BD8
__ptext56                       text56       001BDC
__ptext57                       text57       001A78
__ptext58                       text58       001276
__ptext59                       text59       0008C2
__ptext6                        text6        000E4E
__ptext60                       text60       001AD4
__ptext61                       text61       001AE0
__ptext62                       text62       001660
__ptext63                       text63       0013AA
__ptext64                       text64       00181C
__ptext65                       text65       001AEC
__ptext66                       text66       001AF8
__ptext67                       text67       001A0A
__ptext68                       text68       0017DE
__ptext69                       text69       0019B0
__ptext7                        text7        001B2C
__ptext70                       text70       0019D2
__ptext71                       text71       001530
__ptext72                       text72       001596
__ptext73                       text73       001B84
__ptext74                       text74       0016B4
__ptext75                       text75       00110E
__ptext76                       text76       0019EE
__ptext77                       text77       00198A
__ptext78                       text78       001A88
__ptext79                       text79       0018C0
__ptext8                        text8        001B34
__ptext80                       text80       0011C2
__ptext81                       text81       001B8C
__ptext82                       text82       001A66
__ptext84                       text84       00179C
__ptext9                        text9        001B3C
__ramtop                        ramtop       000200
__size_of_AdInit                (abs)        000000
__size_of_AdMotor               (abs)        000000
__size_of_AlInit                (abs)        000000
__size_of_AlPlay                (abs)        000000
__size_of_AlStop                (abs)        000000
__size_of_AlTAltaveu            (abs)        000000
__size_of_CToAConverteix        (abs)        000000
__size_of_CToAHaAcabat          (abs)        000000
__size_of_CToAReset             (abs)        000000
__size_of_CToAobtenir           (abs)        000000
__size_of_CantaData             (abs)        000000
__size_of_CantaIR               (abs)        000000
__size_of_CantaPartAlta         (abs)        000000
__size_of_CantaPartBaixa        (abs)        000000
__size_of_CtoA                  (abs)        000000
__size_of_EscriuPrimeraOrdre    (abs)        000000
__size_of_Espera                (abs)        000000
__size_of_GLCDInit              (abs)        000000
__size_of_GLCDMostraMenu        (abs)        000000
__size_of_GLCDMotor             (abs)        000000
__size_of_HActualitzarHora      (abs)        000000
__size_of_HClearNouMinut        (abs)        000000
__size_of_HClearNouSegon        (abs)        000000
__size_of_HGetTime              (abs)        000000
__size_of_HHoraMotor            (abs)        000000
__size_of_HInit                 (abs)        000000
__size_of_HJuguem               (abs)        000000
__size_of_HNoJuguem             (abs)        000000
__size_of_HNouMinut             (abs)        000000
__size_of_HNouSegon             (abs)        000000
__size_of_HTempsJocs            (abs)        000000
__size_of_JJuguem               (abs)        000000
__size_of_JMotor                (abs)        000000
__size_of_JUsuari               (abs)        000000
__size_of_JnovaTecla            (abs)        000000
__size_of_LcClear               (abs)        000000
__size_of_LcCursorOff           (abs)        000000
__size_of_LcCursorOn            (abs)        000000
__size_of_LcGotoXY              (abs)        000000
__size_of_LcInit                (abs)        000000
__size_of_LcInsertFletxa        (abs)        000000
__size_of_LcLCD                 (abs)        000000
__size_of_LcLliure              (abs)        000000
__size_of_LcNewString           (abs)        000000
__size_of_LcPutChar             (abs)        000000
__size_of_LcPutFletxa           (abs)        000000
__size_of_LcScroll              (abs)        000000
__size_of_MNovaLletra           (abs)        000000
__size_of_MTMenu                (abs)        000000
__size_of_Minit                 (abs)        000000
__size_of_MsetNovaTecla         (abs)        000000
__size_of_NoFerMenu             (abs)        000000
__size_of_SIOMotor              (abs)        000000
__size_of_SIONovaDireccio       (abs)        000000
__size_of_SIOStartGame          (abs)        000000
__size_of_SIOUsuariActual       (abs)        000000
__size_of_SMSoff                (abs)        000000
__size_of_SMSon                 (abs)        000000
__size_of_SMotor                (abs)        000000
__size_of_SiFerMenu             (abs)        000000
__size_of_Sinit                 (abs)        000000
__size_of_SsetNovaTecla         (abs)        000000
__size_of_TeInit                (abs)        000000
__size_of_TeTeclat              (abs)        000000
__size_of_TiGetTics             (abs)        000000
__size_of_TiGetTimer            (abs)        000000
__size_of_TiInitTimer           (abs)        000000
__size_of_TiResetTics           (abs)        000000
__size_of_UAfegirLletraUsername (abs)        000000
__size_of_UCancelaNouUser       (abs)        000000
__size_of_UMotorUsuaris         (abs)        000000
__size_of_UchangeScore          (abs)        000000
__size_of_UcreateUser           (abs)        000000
__size_of_UdelUser              (abs)        000000
__size_of_UeditUsername         (abs)        000000
__size_of_UgetNumUsuaris        (abs)        000000
__size_of_UgetScore             (abs)        000000
__size_of_UgetUserName          (abs)        000000
__size_of_WaitForBusy           (abs)        000000
__size_of__TiRSITimer           (abs)        000000
__size_of___wmul                (abs)        000000
__size_of_high_rsi              (abs)        000000
__size_of_init_eusart           (abs)        000000
__size_of_init_ports            (abs)        000000
__size_of_main                  (abs)        000000
__smallconst                    smallconst   000000
_convertir                      dataCOMRAM   00003E
_counter                        bssCOMRAM    00002A
_createUser                     bitbssCOMRAM 0003C0
_delUser                        dataCOMRAM   000042
_deleteUser                     mediumconst  001F9F
_direccio                       dataCOMRAM   00003F
_enterNewName                   dataBANK0    000090
_ferMenu                        bitbssCOMRAM 0003C5
_h_Tics                         bssCOMRAM    000003
_highScore                      dataBANK0    0000AB
_high_rsi                       intcode      000008
_horaTmp                        bssCOMRAM    000030
_init_eusart                    text2        001A3C
_init_ports                     text1        001A24
_lletraASCII                    dataCOMRAM   000046
_lletraInici                    dataCOMRAM   000035
_main                           text0        0015FC
_menu                           mediumconst  001F1B
_menuDalt                       bssCOMRAM    000025
_newString                      bitbssCOMRAM 0003C4
_nota                           bssCOMRAM    000028
_nouMinut                       bitbssCOMRAM 0003C3
_nouSegon                       bitbssCOMRAM 0003C2
_nou_s                          bitbssCOMRAM 0003C8
_novaDireccio                   bssCOMRAM    00000B
_novaLletra                     dataCOMRAM   000049
_novaTecla                      dataCOMRAM   000045
_numUsuaris                     bssCOMRAM    00000D
_pos                            bssCOMRAM    000024
_posFletxa                      bitbssCOMRAM 0003C6
_rebut                          bssCOMRAM    000009
_reproduir                      bitbssCOMRAM 0003C7
_s_Timers                       bssBANK0     0000B7
_s_ptr                          bssCOMRAM    000005
_segons                         bssCOMRAM    000014
_setSMSon                       bitbssCOMRAM 0003C1
_string                         dataCOMRAM   000051
_stringScore                    dataCOMRAM   000057
_stringText                     dataBANK0    000080
_sumaPulsacions                 bssCOMRAM    000011
_teclaPremuda                   dataBANK0    00009F
_tempsJugant                    dataCOMRAM   00004B
_tiTeclat                       bssCOMRAM    000021
_timerGLCD                      bssCOMRAM    00001D
_timerHora                      bssCOMRAM    000013
_timerMenu                      bssCOMRAM    000023
_timerSMS                       dataCOMRAM   000044
_timer_durada                   bssCOMRAM    000027
_timer_nota                     bssCOMRAM    000029
_ultimaTecla                    dataCOMRAM   000043
_ultimaTeclaAD                  bssCOMRAM    00000F
_userPtr                        bssCOMRAM    000001
_usuariActual                   dataCOMRAM   000041
_usuariActualSIO                dataCOMRAM   000040
_usuaris                        bssBANK1     000100
btemp                           temp         00007A
end_of_initialization           cinit        001522
int$flags                       temp         00007A
intlevel0                       text         000000
intlevel1                       text         000000
intlevel2                       text         000000
intlevel3                       text         000000
isa$std                         (abs)        000001
isa$xinst                       (abs)        000000
stackhi                         (abs)        0000FF
stacklo                         (abs)        0000CF
start                           init         000032
start_initialization            cinit        0014BA
ttemp5                          temp         00007B
ttemp6                          temp         00007E
ttemp7                          temp         000082
wtemp8                          temp         00007B


MODULE INFORMATION

Module		Function		Class		Link	Load	Size
SSIO.c
		_SIOUsuariActual		CODE           	1BCC	0000	4
		_SIONovaDireccio		CODE           	1B7C	0000	8
		_SIOStartGame  		CODE           	1B74	0000	8
		_SIOMotor      		CODE           	0B5E	0000	350

SSIO.c estimated size: 370

Ssms.c
		_SMSoff        		CODE           	1BB8	0000	4
		_SMSon         		CODE           	1B94	0000	6
		_SsetNovaTecla 		CODE           	1B2C	0000	8
		_SMotor        		CODE           	0CD8	0000	352
		_Sinit         		CODE           	1B44	0000	8

Ssms.c estimated size: 378

HHora.c
		_HTempsJocs    		CODE           	1BD0	0000	4
		_HInit         		CODE           	1A78	0000	16
		_HJuguem       		CODE           	1AB0	0000	12
		_HNouSegon     		CODE           	1AC8	0000	12
		_HGetTime      		CODE           	1BC4	0000	4
		_HActualitzarHora		CODE           	188C	0000	52
		_HNouMinut     		CODE           	1AA4	0000	12
		_HClearNouSegon		CODE           	1BD4	0000	4
		_HClearNouMinut		CODE           	1BC8	0000	4
		_HHoraMotor    		CODE           	1276	0000	158
		_HNoJuguem     		CODE           	1BE0	0000	2

HHora.c estimated size: 280

UUsuaris.c
		_UgetScore     		CODE           	1A98	0000	12
		_UgetUserName  		CODE           	1A52	0000	20
		_UMotorUsuaris 		CODE           	0F7C	0000	158
		_UAfegirLletraUsername		CODE           	1758	0000	34
		_UdelUser      		CODE           	1B0E	0000	10
		_UgetNumUsuaris		CODE           	1BA8	0000	4
		_UCancelaNouUser		CODE           	1BB0	0000	4
		_UcreateUser   		CODE           	1BAC	0000	4
		_UchangeScore  		CODE           	1B54	0000	8
		_UeditUsername 		CODE           	1916	0000	40

UUsuaris.c estimated size: 294

MMenu.c
		_MsetNovaTecla 		CODE           	1B34	0000	8
		_MNovaLletra   		CODE           	1B4C	0000	8
		_Minit         		CODE           	1B64	0000	8
		_MTMenu        		CODE           	0036	0000	2080

MMenu.c estimated size: 2104

AlTAltaveu.c
		_AlPlay        		CODE           	1BDC	0000	4
		_AlStop        		CODE           	1BD8	0000	4
		_AlTAltaveu    		CODE           	110E	0000	156
		_AlInit        		CODE           	1A88	0000	16

AlTAltaveu.c estimated size: 180

GLCDGestioLCD.c
		_GLCDMostraMenu		CODE           	1ABC	0000	12
		_GLCDMotor     		CODE           	08C2	0000	594
		_SiFerMenu     		CODE           	1BB4	0000	4
		_NoFerMenu     		CODE           	1BBC	0000	4
		_GLCDInit      		CODE           	1B84	0000	8

GLCDGestioLCD.c estimated size: 622

C:\Program Files\Microchip\xc8\v2.32\pic\sources\c99\common\Umul16.c
		___wmul        		CODE           	1964	0000	38

C:\Program Files\Microchip\xc8\v2.32\pic\sources\c99\common\Umul16.c estimated size: 38

LcTLCD.c
		_LcPutChar     		CODE           	1660	0000	84
		_EscriuPrimeraOrdre		CODE           	143E	0000	100
		_LcScroll      		CODE           	1B9A	0000	6
		_WaitForBusy   		CODE           	17DE	0000	62
		_LcGotoXY      		CODE           	13AA	0000	148
		_LcLliure      		CODE           	1AF8	0000	12
		_LcClear       		CODE           	1A0A	0000	16
		_CantaData     		CODE           	181C	0000	32
		_LcCursorOn    		CODE           	1B18	0000	10
		_LcCursorOff   		CODE           	1B22	0000	10
		_LcInit        		CODE           	1054	0000	176
		_CantaPartAlta 		CODE           	1596	0000	92
		_LcLCD         		CODE           	1708	0000	54
		_Espera        		CODE           	19B0	0000	34
		_CantaIR       		CODE           	19D2	0000	28
		_CantaPartBaixa		CODE           	1530	0000	92
		_LcInsertFletxa		CODE           	1AE0	0000	12
		_LcPutFletxa   		CODE           	1AD4	0000	12
		_LcNewString   		CODE           	1AEC	0000	12

LcTLCD.c estimated size: 992

TiTTimer.c
		_TiGetTics     		CODE           	198A	0000	38
		_TiGetTimer    		CODE           	18C0	0000	30
		_TiInitTimer   		CODE           	18EC	0000	42
		__TiRSITimer   		CODE           	179C	0000	66
		_TiResetTics   		CODE           	19EE	0000	16

TiTTimer.c estimated size: 192

TeTeclat.c
		_TeTeclat      		CODE           	0E4E	0000	284
		_TeInit        		CODE           	1B3C	0000	8

TeTeclat.c estimated size: 292

shared
		PL12           		CODE           	177A	0000	34
		PL50           		CODE           	0CC8	0000	10
		PL8            		CODE           	0856	0000	10
		PL22           		CODE           	101A	0000	18
		PL60           		CODE           	1A1A	0000	10
		_Score         		MEDIUMCONST    	1FAB	0000	7
		PL32           		CODE           	08AA	0000	6
		PL70           		CODE           	08B6	0000	6
		PL42           		CODE           	1104	0000	10
		PL14           		CODE           	0F6A	0000	18
		PL52           		CODE           	104A	0000	10
		PL24           		CODE           	19FE	0000	12
		PL62           		CODE           	184A	0000	10
		PL34           		CODE           	173E	0000	14
		PL72           		CODE           	08BC	0000	6
		PL44           		CODE           	0CBC	0000	12
		PL16           		CODE           	18DE	0000	14
		PL54           		CODE           	14B0	0000	10
		PL26           		CODE           	102C	0000	16
		PL64           		CODE           	0B54	0000	10
		_menu          		MEDIUMCONST    	1F1B	0000	132
		PL36           		CODE           	0B46	0000	14
		PL74           		CODE           	0CD2	0000	6
		PL46           		CODE           	174C	0000	12
		PL18           		CODE           	11AA	0000	24
		PL56           		CODE           	0E44	0000	10
		PL28           		CODE           	089A	0000	16
		PL66           		CODE           	158C	0000	10
		PL38           		CODE           	103C	0000	14
		PL48           		CODE           	0E38	0000	12
		PL58           		CODE           	15F2	0000	10
		PL68           		CODE           	08B0	0000	6
		__initialization		CODE           	14BA	0000	104
		_deleteUser    		MEDIUMCONST    	1F9F	0000	12
		PL2            		CODE           	0B14	0000	22
		PL10           		CODE           	0860	0000	36
		PL4            		CODE           	0B2A	0000	20
		PL20           		CODE           	0884	0000	22
		PL30           		CODE           	183C	0000	14
		PL6            		CODE           	0B3E	0000	8
		PL40           		CODE           	14A2	0000	14

shared estimated size: 761

AdAdcon.c
		_AdMotor       		CODE           	11C2	0000	180
		_AdInit        		CODE           	1A66	0000	18

AdAdcon.c estimated size: 198

CtoA.c
		_CToAHaAcabat  		CODE           	1BA4	0000	4
		_CToAobtenir   		CODE           	1BA0	0000	4
		_CToAConverteix		CODE           	1B5C	0000	8
		_CtoA          		CODE           	16B4	0000	84
		_CToAReset     		CODE           	1B04	0000	10

CtoA.c estimated size: 110

JJoc.c
		_JJuguem       		CODE           	1B6C	0000	8
		_JnovaTecla    		CODE           	1B8C	0000	8
		_JMotor        		CODE           	1314	0000	150
		_JUsuari       		CODE           	1BC0	0000	4

JJoc.c estimated size: 170

main.c
		_main          		CODE           	15FC	0000	100
		_init_ports    		CODE           	1A24	0000	24
		_high_rsi      		CODE           	0008	0000	42
		_init_eusart   		CODE           	1A3C	0000	22

main.c estimated size: 188

